// Jest Snapshot v1, https://goo.gl/fbAQLP

exports[`Test Toast Component Toast 1`] = `Array []`;
